[bonoxs.com/br/pc55d6.html]
[backblue.gif]
[fade.gif]
[index.html]
[bonoxs.com/static/version1669926193/base/Magento/base/default/mage/calendar.css]
[bonoxs.com/static/version1669926193/frontend/BonoxsV1/theme/default/css/styles-m.css]
[bonoxs.com/static/version1669926193/frontend/BonoxsV1/theme/default/css/styles-l.css]
[bonoxs.com/static/version1669926193/frontend/BonoxsV1/theme/default/css/print.css]
[bonoxs.com/static/version1669926193/base/Magento/base/default/requirejs/require.js]
[bonoxs.com/static/version1669926193/base/Magento/base/default/mage/requirejs/baseUrlResolver.js]
[bonoxs.com/static/version1669926193/frontend/BonoxsV1/theme/pt_BR/requirejs-map.js]
[bonoxs.com/static/version1669926193/base/Magento/base/default/mage/requirejs/mixins.js]
[bonoxs.com/static/version1669926193/frontend/BonoxsV1/theme/pt_BR/requirejs-config.js]
[bonoxs.com/static/version1669926193/frontend/BonoxsV1/theme/default/Magento_Theme/favicon-16x16.png]
[bonoxs.com/static/version1669926193/frontend/BonoxsV1/theme/default/Magento_Theme/favicon-32x32.png]
[bonoxs.com/static/version1669926193/frontend/BonoxsV1/theme/default/Magento_Theme/android-chrome-192x192.png]
[bonoxs.com/static/version1669926193/frontend/BonoxsV1/theme/default/Magento_Theme/android-chrome-256x256.png]
[bonoxs.com/br/pc.html]
[bonoxs.com/br/consoles.html]
[livesearch-autocomplete.magento-ds.com/v0/LiveSearchAutocomplete.js]
[bonoxs.com/br/services.html]
[bonoxs.com/br/index.html]
[bonoxs.com/br/mobile.html]
[bonoxs.com/br/all.html]
[bonoxs.com/br/legends-of-runterra.html]
[bonoxs.com/media/catalog/product/cache/1b4f2a02dc2cb7d299364f0e7e2d60e8/l/e/legends_of_runeterra_240x300.png]
[bonoxs.com/br/steam.html]
[bonoxs.com/media/catalog/product/cache/1b4f2a02dc2cb7d299364f0e7e2d60e8/s/t/steam_240x300.png]
[bonoxs.com/br/valorant.html]
[bonoxs.com/media/catalog/product/cache/1b4f2a02dc2cb7d299364f0e7e2d60e8/v/a/valorant_240x300_10.png]
[bonoxs.com/br/league-of-legends.html]
[bonoxs.com/media/catalog/product/cache/1b4f2a02dc2cb7d299364f0e7e2d60e8/l/o/lol_240x300_1_1_.png]
[bonoxs.com/br/razer-gold.html]
[bonoxs.com/media/catalog/product/cache/1b4f2a02dc2cb7d299364f0e7e2d60e8/r/a/razergold_240x300.png]
[bonoxs.com/br/fortnite.html]
[bonoxs.com/media/catalog/product/cache/1b4f2a02dc2cb7d299364f0e7e2d60e8/f/o/fortnite_240x300_2.png]
[bonoxs.com/br/minecraft.html]
[bonoxs.com/media/catalog/product/cache/1b4f2a02dc2cb7d299364f0e7e2d60e8/m/i/minecraft_240x300.png]
[bonoxs.com/br/teamfight-tactics.html]
[bonoxs.com/media/catalog/product/cache/1b4f2a02dc2cb7d299364f0e7e2d60e8/t/e/teamfighttactics_240x300_1.png]
[bonoxs.com/br/roblox.html]
[bonoxs.com/media/catalog/product/cache/1b4f2a02dc2cb7d299364f0e7e2d60e8/r/o/roblox_240x300.png]
[bonoxs.com/media/wysiwyg/Logo.jpg]
[bonoxs.com/br/terms-conditions.html]
[bonoxs.com/br/privacy-policy.html]
[bonoxs.com/br/faq.html]
[bonoxs.com/br/about-bonoxs.html]
[bonoxs.com/br/contact-us.html]
[bonoxs.com/media/wysiwyg/footer.v3_1.png]
[bonoxs.com/br/pc55d6.html]
[bonoxs.com/br/https.html]
[bonoxs.com/static/version1669926193/base/Magento/base/default/mage/calendar.css]
[bonoxs.com/static/version1669926193/frontend/BonoxsV1/theme/default/images/loader-2.gif]
[bonoxs.com/static/version1669926193/frontend/Magento/base/default/Magento_ProductVideo/img/gallery-sprite.png]
[bonoxs.com/static/version1669926193/frontend/BonoxsV1/theme/default/images/loader-1.gif]
[bonoxs.com/static/version1669926193/frontend/BonoxsV1/theme/default/css/styles-m.css]
[bonoxs.com/static/version1669926193/frontend/BonoxsV1/theme/default/css/styles-l.css]
[bonoxs.com/static/version1669926193/frontend/BonoxsV1/theme/default/css/print.css]
[bonoxs.com/br/pc.html]
[bonoxs.com/br/customer/account/create/index.html]
[bonoxs.com/br/customer/account/login/index.html]
[bonoxs.com/br/customer/account/index/index.html]
[bonoxs.com/media/wysiwyg/Banner_Home.png]
[bonoxs.com/media/wysiwyg/_LAUNCH_Banner_Home.png]
[bonoxs.com/br/google-play.html]
[bonoxs.com/media/catalog/product/cache/1b4f2a02dc2cb7d299364f0e7e2d60e8/g/o/googleplay_240x300_1_.png]
[bonoxs.com/br/wild-rift.html]
[bonoxs.com/media/catalog/product/cache/1b4f2a02dc2cb7d299364f0e7e2d60e8/l/o/lol_wildrift_gplay_3_240x300.png]
[bonoxs.com/br/netflix.html]
[bonoxs.com/media/catalog/product/cache/1b4f2a02dc2cb7d299364f0e7e2d60e8/n/e/netflix_240x300_3_3.png]
[bonoxs.com/br/play-station-network.html]
[bonoxs.com/media/catalog/product/cache/1b4f2a02dc2cb7d299364f0e7e2d60e8/p/s/psn_240x300_2_2.png]
[bonoxs.com/br/xbox-game-pass-ultimate.html]
[bonoxs.com/media/catalog/product/cache/1b4f2a02dc2cb7d299364f0e7e2d60e8/x/b/xboxgamepassultimate_240x300_2_.png]
[bonoxs.com/br/nintendo.html]
[bonoxs.com/media/catalog/product/cache/1b4f2a02dc2cb7d299364f0e7e2d60e8/n/i/nintendo_eshop.product.card.png]
[bonoxs.com/br/xbox-store.html]
[bonoxs.com/media/catalog/product/cache/1b4f2a02dc2cb7d299364f0e7e2d60e8/x/b/xboxstore_new_240x300_2.png]
[bonoxs.com/br/nintendo-switch.html]
[bonoxs.com/media/catalog/product/cache/1b4f2a02dc2cb7d299364f0e7e2d60e8/n/i/nintendo_switch_online.png]
[bonoxs.com/br/xbox-live-gold.html]
[bonoxs.com/media/catalog/product/cache/1b4f2a02dc2cb7d299364f0e7e2d60e8/x/b/xboxlivegold_240x300.png]
[bonoxs.com/br/spotify.html]
[bonoxs.com/media/catalog/product/cache/1b4f2a02dc2cb7d299364f0e7e2d60e8/s/p/spotify_240x300.png]
[bonoxs.com/br/ifood.html]
[bonoxs.com/media/catalog/product/cache/1b4f2a02dc2cb7d299364f0e7e2d60e8/i/f/ifood_240x300-1.png]
[bonoxs.com/br/uber.html]
[bonoxs.com/media/catalog/product/cache/1b4f2a02dc2cb7d299364f0e7e2d60e8/u/b/uber_240x300.png]
[bonoxs.com/br/americanas.html]
[bonoxs.com/media/catalog/product/cache/1b4f2a02dc2cb7d299364f0e7e2d60e8/a/m/americanas_240x300.png]
[bonoxs.com/br/submarino.html]
[bonoxs.com/media/catalog/product/cache/1b4f2a02dc2cb7d299364f0e7e2d60e8/s/u/submarino_240x300.png]
[bonoxs.com/br/outback.html]
[bonoxs.com/media/catalog/product/cache/1b4f2a02dc2cb7d299364f0e7e2d60e8/o/u/outback_240x300.png]
[bonoxs.com/br/mobile-legends.html]
[bonoxs.com/media/catalog/product/cache/1b4f2a02dc2cb7d299364f0e7e2d60e8/m/o/mobilelegends_240x300.png]
[bonoxs.com/br/pokemon-unite-br.html]
[bonoxs.com/media/catalog/product/cache/1b4f2a02dc2cb7d299364f0e7e2d60e8/p/o/pokemonunite_gplay_240x300.png]
[bonoxs.com/br/pubg.html]
[bonoxs.com/media/catalog/product/cache/1b4f2a02dc2cb7d299364f0e7e2d60e8/p/u/pubg_240x300_1__4.png]
[bonoxs.com/br/apple-us.html]
[bonoxs.com/media/catalog/product/cache/1b4f2a02dc2cb7d299364f0e7e2d60e8/a/p/apple_us_240x300_1__1.png]
[bonoxs.com/br/nintendo-us.html]
[bonoxs.com/media/catalog/product/cache/1b4f2a02dc2cb7d299364f0e7e2d60e8/n/i/nintendo_us_240x300.png]
[bonoxs.com/br/play-station-network-us.html]
[bonoxs.com/media/catalog/product/cache/1b4f2a02dc2cb7d299364f0e7e2d60e8/p/s/psn_us_240x300.png]
[bonoxs.com/media/catalog/product/cache/1b4f2a02dc2cb7d299364f0e7e2d60e8/x/b/xboxstore_us_240x300.png]
[bonoxs.com/br/index.html]
[bonoxs.com/br/checkout/cart/index.html]
[bonoxs.com/br/consoles.html]
[bonoxs.com/br/services.html]
[bonoxs.com/br/mobile.html]
[bonoxs.com/br/all.html]
[bonoxs.com/static/version1669926193/frontend/BonoxsV1/theme/default/mage/gallery/gallery.css]
[bonoxs.com/static/version1669926193/frontend/Magento/base/default/Amasty_BannersLite/css/style.css]
[bonoxs.com/media/catalog/product/cache/2a1e1891d620bb770d667d2f809d568a/l/e/legends_of_runeterra_240x300.png]
[bonoxs.com/br/legends-of-runterra.html]
[bonoxs.com/media/catalog/product/cache/2a1e1891d620bb770d667d2f809d568a/s/t/steam_240x300.png]
[bonoxs.com/br/steam.html]
[bonoxs.com/media/catalog/product/cache/2a1e1891d620bb770d667d2f809d568a/v/a/valorant_240x300_10.png]
[bonoxs.com/br/valorant.html]
[bonoxs.com/media/catalog/product/cache/2a1e1891d620bb770d667d2f809d568a/l/o/lol_240x300_1_1_.png]
[bonoxs.com/br/league-of-legends.html]
[bonoxs.com/media/catalog/product/cache/2a1e1891d620bb770d667d2f809d568a/r/a/razergold_240x300.png]
[bonoxs.com/br/razer-gold.html]
[bonoxs.com/media/catalog/product/cache/2a1e1891d620bb770d667d2f809d568a/f/o/fortnite_240x300_2.png]
[bonoxs.com/br/fortnite.html]
[bonoxs.com/media/catalog/product/cache/2a1e1891d620bb770d667d2f809d568a/m/i/minecraft_240x300.png]
[bonoxs.com/br/minecraft.html]
[bonoxs.com/media/catalog/product/cache/2a1e1891d620bb770d667d2f809d568a/t/e/teamfighttactics_240x300_1.png]
[bonoxs.com/br/teamfight-tactics.html]
[bonoxs.com/media/catalog/product/cache/2a1e1891d620bb770d667d2f809d568a/r/o/roblox_240x300.png]
[bonoxs.com/br/roblox.html]
[bonoxs.com/br/terms-conditions.html]
[bonoxs.com/br/privacy-policy.html]
[bonoxs.com/br/faq.html]
[bonoxs.com/br/cookies-policy.html]
[bonoxs.com/media/wysiwyg/Card-bonoxs_1.png]
[bonoxs.com/br/about-bonoxs.html]
[bonoxs.com/br/contact-us.html]
[bonoxs.com/media/catalog/product/cache/2a1e1891d620bb770d667d2f809d568a/g/o/googleplay_240x300_1_.png]
[bonoxs.com/br/google-play.html]
[bonoxs.com/media/catalog/product/cache/2a1e1891d620bb770d667d2f809d568a/l/o/lol_wildrift_gplay_3_240x300.png]
[bonoxs.com/br/wild-rift.html]
[bonoxs.com/media/catalog/product/cache/2a1e1891d620bb770d667d2f809d568a/n/e/netflix_240x300_3_3.png]
[bonoxs.com/br/netflix.html]
[bonoxs.com/media/catalog/product/cache/2a1e1891d620bb770d667d2f809d568a/p/s/psn_240x300_2_2.png]
[bonoxs.com/br/play-station-network.html]
[bonoxs.com/media/catalog/product/cache/2a1e1891d620bb770d667d2f809d568a/x/b/xboxgamepassultimate_240x300_2_.png]
[bonoxs.com/br/xbox-game-pass-ultimate.html]
[bonoxs.com/media/catalog/product/cache/2a1e1891d620bb770d667d2f809d568a/n/i/nintendo_eshop.product.card.png]
[bonoxs.com/br/nintendo.html]
[bonoxs.com/media/catalog/product/cache/2a1e1891d620bb770d667d2f809d568a/x/b/xboxstore_new_240x300_2.png]
[bonoxs.com/br/xbox-store.html]
[bonoxs.com/media/catalog/product/cache/2a1e1891d620bb770d667d2f809d568a/n/i/nintendo_switch_online.png]
[bonoxs.com/br/nintendo-switch.html]
[bonoxs.com/media/catalog/product/cache/2a1e1891d620bb770d667d2f809d568a/x/b/xboxlivegold_240x300.png]
[bonoxs.com/br/xbox-live-gold.html]
[bonoxs.com/media/catalog/product/cache/2a1e1891d620bb770d667d2f809d568a/s/p/spotify_240x300.png]
[bonoxs.com/br/spotify.html]
[bonoxs.com/media/catalog/product/cache/2a1e1891d620bb770d667d2f809d568a/i/f/ifood_240x300-1.png]
[bonoxs.com/br/ifood.html]
[bonoxs.com/media/catalog/product/cache/2a1e1891d620bb770d667d2f809d568a/u/b/uber_240x300.png]
[bonoxs.com/br/uber.html]
[bonoxs.com/media/catalog/product/cache/2a1e1891d620bb770d667d2f809d568a/a/m/americanas_240x300.png]
[bonoxs.com/br/americanas.html]
[bonoxs.com/media/catalog/product/cache/2a1e1891d620bb770d667d2f809d568a/s/u/submarino_240x300.png]
[bonoxs.com/br/submarino.html]
[bonoxs.com/media/catalog/product/cache/2a1e1891d620bb770d667d2f809d568a/o/u/outback_240x300.png]
[bonoxs.com/br/outback.html]
[bonoxs.com/media/catalog/product/cache/2a1e1891d620bb770d667d2f809d568a/m/o/mobilelegends_240x300.png]
[bonoxs.com/br/mobile-legends.html]
[bonoxs.com/media/catalog/product/cache/2a1e1891d620bb770d667d2f809d568a/p/o/pokemonunite_gplay_240x300.png]
[bonoxs.com/br/pokemon-unite-br.html]
[bonoxs.com/media/catalog/product/cache/2a1e1891d620bb770d667d2f809d568a/p/u/pubg_240x300_1__4.png]
[bonoxs.com/br/pubg.html]
[bonoxs.com/media/catalog/product/cache/2a1e1891d620bb770d667d2f809d568a/a/p/apple_us_240x300_1__1.png]
[bonoxs.com/br/apple-us.html]
[bonoxs.com/media/catalog/product/cache/2a1e1891d620bb770d667d2f809d568a/n/i/nintendo_us_240x300.png]
[bonoxs.com/br/nintendo-us.html]
[bonoxs.com/media/catalog/product/cache/2a1e1891d620bb770d667d2f809d568a/p/s/psn_us_240x300.png]
[bonoxs.com/br/play-station-network-us.html]
[bonoxs.com/br/xbox-live-us.html]
[bonoxs.com/br/all/popularaeb3.html]
[bonoxs.com/br/all/euab3cd.html]
[bonoxs.com/static/version1669926193/base/Magento/base/default/mage/gallery/gallery.png]
[bonoxs.com/static/version1669926193/frontend/BonoxsV1/theme/default/mage/gallery/gallery.css]
[bonoxs.com/static/version1669926193/frontend/Magento/base/default/Amasty_BannersLite/css/style.css]
